#
# There is insufficient memory for the Java Runtime Environment to continue.
# Native memory allocation (malloc) failed to allocate 1683536 bytes. Error detail: Chunk::new
# Possible reasons:
#   The system is out of physical RAM or swap space
#   This process is running with CompressedOops enabled, and the Java Heap may be blocking the growth of the native heap
# Possible solutions:
#   Reduce memory load on the system
#   Increase physical memory or swap space
#   Check if swap backing store is full
#   Decrease Java heap size (-Xmx/-Xms)
#   Decrease number of Java threads
#   Decrease Java thread stack sizes (-Xss)
#   Set larger code cache with -XX:ReservedCodeCacheSize=
#   JVM is running with Unscaled Compressed Oops mode in which the Java heap is
#     placed in the first 4GB address space. The Java Heap base address is the
#     maximum limit for the native heap growth. Please use -XX:HeapBaseMinAddress
#     to set the Java Heap base and to place the Java Heap above 4GB virtual address.
# This output file may be truncated or incomplete.
#
#  Out of Memory Error (arena.cpp:168), pid=7800, tid=5956
#
# JRE version: OpenJDK Runtime Environment JBR-21.0.7+9-631.52-jcef (21.0.7+9) (build 21.0.7+9-b631.52)
# Java VM: OpenJDK 64-Bit Server VM JBR-21.0.7+9-631.52-jcef (21.0.7+9-b631.52, mixed mode, sharing, tiered, compressed oops, compressed class ptrs, g1 gc, windows-amd64)
# No core dump will be written. Minidumps are not enabled by default on client versions of Windows
#

---------------  S U M M A R Y ------------

Command Line: -Djava.rmi.server.hostname=127.0.0.1 -Duser.timezone=UTC -Xmx2048m -Xms128m -Djdbc.classpath=C:\Users\Guest\AppData\Local\Temp\RemoteDriver.classpath.txt --add-exports=java.desktop/sun.awt=ALL-UNNAMED --add-exports=java.desktop/java.awt.peer=ALL-UNNAMED --add-opens=java.desktop/java.awt=ALL-UNNAMED --add-opens=jdk.unsupported/sun.misc=ALL-UNNAMED --add-opens=java.base/java.nio=ALL-UNNAMED --add-opens=java.base/java.util=ALL-UNNAMED -Dfile.encoding=UTF-8 -Dsun.stdout.encoding=UTF-8 -Dsun.stderr.encoding=UTF-8 com.intellij.database.remote.RemoteJdbcServer com.mysql.cj.jdbc.Driver

Host: Intel(R) Core(TM) i5-10210U CPU @ 1.60GHz, 8 cores, 7G,  Windows 11 , 64 bit Build 26100 (10.0.26100.9168)
Time: Fri Aug 28 15:44:06 2026 Paris, Madrid (heure duild 26100 (10.0.26100.9168) elapsed time: 167.453243 seconds (0d 0h 2m 47s)

---------------  T H R E A D  ---------------

Current thread (0x000001fd2c941b10):  JavaThread "C2 CompilerThread0" daemon [_thread_in_native, id=5956, stack(0x000000472a600000,0x000000472a700000) (1024K)]


Current CompileTask:
C2:167453 3269       4       java.io.ObjectInputStream::readClassDesc (121 bytes)

Stack: [0x000000472a600000,0x000000472a700000]
Native frames: (J=compiled Java code, j=interpreted, Vv=VM code, C=native code)
V  [jvm.dll+0x6e5fb9]
V  [jvm.dll+0x8c4253]
V  [jvm.dll+0x8c67ae]
V  [jvm.dll+0x8c6e93]
V  [jvm.dll+0x289166]
V  [jvm.dll+0xc675d]
V  [jvm.dll+0xc6c93]
V  [jvm.dll+0x3c4891]
V  [jvm.dll+0x390487]
V  [jvm.dll+0x38f8fa]
V  [jvm.dll+0x250912]
V  [jvm.dll+0x24fee1]
V  [jvm.dll+0x1cd734]
V  [jvm.dll+0x25f76c]
V  [jvm.dll+0x25dcb6]
V  [jvm.dll+0x3ff946]
V  [jvm.dll+0x86be78]
V  [jvm.dll+0x6e477d]
C  [ucrtbase.dll+0x2cd30]
C  [KERNEL32.DLL+0x2ccb7]
C  [ntdll.dll+0xaad6c]


---------------  P R O C E S S  ---------------

Threads class SMR info:
_java_thread_list=0x000001fd726bcca0, length=21, elements={
0x000001fd11ee9200, 0x000001fd2c068880, 0x000001fd2c06b3e0, 0x000001fd2c06c2f0,
0x000001fd2c06f350, 0x000001fd2c077db0, 0x000001fd2c07b770, 0x000001fd2c941b10,
0x000001fd2c9461d0, 0x000001fd2c07a3c0, 0x000001fd2c07aa50, 0x000001fd2c07be00,
0x000001fd2c078980, 0x000001fd2c07b0e0, 0x000001fd2c079010, 0x000001fd2c0796a0,
0x000001fd723e4c20, 0x000001fd723e4590, 0x000001fd723e5940, 0x000001fd723e52b0,
0x000001fd723e2b50
}

Java Threads: ( => current thread )
  0x000001fd11ee9200 JavaThread "main"                              [_thread_blocked, id=18780, stack(0x0000004729800000,0x0000004729900000) (1024K)]
  0x000001fd2c068880 JavaThread "Reference Handler"          daemon [_thread_blocked, id=21792, stack(0x000000472a000000,0x000000472a100000) (1024K)]
  0x000001fd2c06b3e0 JavaThread "Finalizer"                  daemon [_thread_blocked, id=8368, stack(0x000000472a100000,0x000000472a200000) (1024K)]
  0x000001fd2c06c2f0 JavaThread "Signal Dispatcher"          daemon [_thread_blocked, id=20024, stack(0x000000472a200000,0x000000472a300000) (1024K)]
  0x000001fd2c06f350 JavaThread "Attach Listener"            daemon [_thread_blocked, id=8384, stack(0x000000472a300000,0x000000472a400000) (1024K)]
  0x000001fd2c077db0 JavaThread "Service Thread"             daemon [_thread_blocked, id=26900, stack(0x000000472a400000,0x000000472a500000) (1024K)]
  0x000001fd2c07b770 JavaThread "Monitor Deflation Thread"   daemon [_thread_blocked, id=10380, stack(0x000000472a500000,0x000000472a600000) (1024K)]
=>0x000001fd2c941b10 JavaThread "C2 CompilerThread0"         daemon [_thread_in_native, id=5956, stack(0x000000472a600000,0x000000472a700000) (1024K)]
  0x000001fd2c9461d0 JavaThread "C1 CompilerThread0"         daemon [_thread_blocked, id=21232, stack(0x000000472a700000,0x000000472a800000) (1024K)]
  0x000001fd2c07a3c0 JavaThread "Common-Cleaner"             daemon [_thread_blocked, id=16948, stack(0x000000472a800000,0x000000472a900000) (1024K)]
  0x000001fd2c07aa50 JavaThread "Notification Thread"        daemon [_thread_blocked, id=23896, stack(0x000000472a900000,0x000000472aa00000) (1024K)]
  0x000001fd2c07be00 JavaThread "mysql-cj-abandoned-connection-cleanup" daemon [_thread_blocked, id=15104, stack(0x000000472ab00000,0x000000472ac00000) (1024K)]
  0x000001fd2c078980 JavaThread "RMI TCP Accept-16450"       daemon [_thread_in_native, id=31208, stack(0x000000472ac00000,0x000000472ad00000) (1024K)]
  0x000001fd2c07b0e0 JavaThread "RMI TCP Accept-0"           daemon [_thread_in_native, id=10412, stack(0x000000472ad00000,0x000000472ae00000) (1024K)]
  0x000001fd2c079010 JavaThread "RMI Reaper"                        [_thread_blocked, id=30088, stack(0x000000472ae00000,0x000000472af00000) (1024K)]
  0x000001fd2c0796a0 JavaThread "RMI GC Daemon"              daemon [_thread_blocked, id=32204, stack(0x000000472af00000,0x000000472b000000) (1024K)]
  0x000001fd723e4c20 JavaThread "RMI TCP Connection(2)-127.0.0.1" daemon [_thread_in_native, id=20240, stack(0x000000472b100000,0x000000472b200000) (1024K)]
  0x000001fd723e4590 JavaThread "RMI Scheduler(0)"           daemon [_thread_blocked, id=28204, stack(0x000000472b200000,0x000000472b300000) (1024K)]
  0x000001fd723e5940 JavaThread "RMI TCP Connection(3)-127.0.0.1" daemon [_thread_in_native, id=31872, stack(0x000000472b300000,0x000000472b400000) (1024K)]
  0x000001fd723e52b0 JavaThread "RMI RenewClean-[127.0.0.1:1468]" daemon [_thread_blocked, id=5812, stack(0x000000472aa00000,0x000000472ab00000) (1024K)]
  0x000001fd723e2b50 JavaThread "RMI TCP Connection(5)-127.0.0.1" daemon [_thread_in_vm, id=31568, stack(0x0000004729500000,0x0000004729600000) (1024K)]
Total: 21

Other Threads:
  0x000001fd2c0480d0 VMThread "VM Thread"                           [id=5084, stack(0x0000004729f00000,0x000000472a000000) (1024K)]
  0x000001fd2c033980 WatcherThread "VM Periodic Task Thread"        [id=6056, stack(0x0000004729e00000,0x0000004729f00000) (1024K)]
  0x000001fd1221c920 WorkerThread "GC Thread#0"                     [id=30152, stack(0x0000004729900000,0x0000004729a00000) (1024K)]
  0x000001fd72467810 WorkerThread "GC Thread#1"                     [id=6648, stack(0x000000472b600000,0x000000472b700000) (1024K)]
  0x000001fd7249d6d0 WorkerThread "GC Thread#2"                     [id=32156, stack(0x000000472b700000,0x000000472b800000) (1024K)]
  0x000001fd725b4940 WorkerThread "GC Thread#3"                     [id=17576, stack(0x000000472b800000,0x000000472b900000) (1024K)]
  0x000001fd7272b970 WorkerThread "GC Thread#4"                     [id=19692, stack(0x000000472b900000,0x000000472ba00000) (1024K)]
  0x000001fd7272bd10 WorkerThread "GC Thread#5"                     [id=24684, stack(0x000000472ba00000,0x000000472bb00000) (1024K)]
  0x000001fd7272e0c0 WorkerThread "GC Thread#6"                     [id=31740, stack(0x000000472bb00000,0x000000472bc00000) (1024K)]
  0x000001fd7272e460 WorkerThread "GC Thread#7"                     [id=15272, stack(0x000000472bc00000,0x000000472bd00000) (1024K)]
  0x000001fd1222d9f0 ConcurrentGCThread "G1 Main Marker"            [id=14652, stack(0x0000004729a00000,0x0000004729b00000) (1024K)]
  0x000001fd1222ffd0 WorkerThread "G1 Conc#0"                       [id=17080, stack(0x0000004729b00000,0x0000004729c00000) (1024K)]
  0x000001fd2befc3d0 ConcurrentGCThread "G1 Refine#0"               [id=10984, stack(0x0000004729c00000,0x0000004729d00000) (1024K)]
  0x000001fd2befccf0 ConcurrentGCThread "G1 Service"                [id=27076, stack(0x0000004729d00000,0x0000004729e00000) (1024K)]
Total: 14

Threads with active compile tasks:
C2 CompilerThread0  167524 3269       4       java.io.ObjectInputStream::readClassDesc (121 bytes)
Total: 1

VM state: not at safepoint (normal execution)

VM Mutex/Monitor currently owned by a thread: None

Heap address: 0x0000000080000000, size: 2048 MB, Compressed Oops mode: 32-bit

CDS archive(s) mapped at: [0x000001fd2d000000-0x000001fd2dd00000-0x000001fd2dd00000), size 13631488, SharedBaseAddress: 0x000001fd2d000000, ArchiveRelocationMode: 1.
Compressed class space mapped at: 0x000001fd2e000000-0x000001fd6e000000, reserved size: 1073741824
Narrow klass base: 0x000001fd2d000000, Narrow klass shift: 0, Narrow klass range: 0x100000000

GC Precious Log:
 CardTable entry size: 512
 Card Set container configuration: InlinePtr #cards 5 size 8 Array Of Cards #cards 12 size 40 Howl #buckets 4 coarsen threshold 1843 Howl Bitmap #cards 512 size 80 coarsen threshold 460 Card regions per heap region 1 cards per card region 2048
 CPUs: 8 total, 8 available
 Memory: 8038M
 Large Page Support: Disabled
 NUMA Support: Disabled
 Compressed Oops: Enabled (32-bit)
 Heap Region Size: 1M
 Heap Min Capacity: 128M
 Heap Initial Capacity: 128M
 Heap Max Capacity: 2G
 Pre-touch: Disabled
 Parallel Workers: 8
 Concurrent Workers: 2
 Concurrent Refinement Workers: 8
 Periodic GC: Disabled

Heap:
 garbage-first heap   total 131072K, used 29527K [0x0000000080000000, 0x0000000100000000)
  region size 1024K, 21 young (21504K), 4 survivors (4096K)
 Metaspace       used 18420K, committed 18880K, reserved 1114112K
  class space    used 2063K, committed 2304K, reserved 1048576K

Heap Regions: E=young(eden), S=young(survivor), O=old, HS=humongous(starts), HC=humongous(continues), CS=collection set, F=free, TAMS=top-at-mark-start, PB=parsable bottom
|   0|0x0000000080000000, 0x0000000080100000, 0x0000000080100000|100%|HS|  |TAMS 0x0000000080000000| PB 0x0000000080000000| Complete 
|   1|0x0000000080100000, 0x0000000080200000, 0x0000000080200000|100%|HC|  |TAMS 0x0000000080100000| PB 0x0000000080100000| Complete 
|   2|0x0000000080200000, 0x0000000080300000, 0x0000000080300000|100%|HS|  |TAMS 0x0000000080200000| PB 0x0000000080200000| Complete 
|   3|0x0000000080300000, 0x0000000080400000, 0x0000000080400000|100%|HS|  |TAMS 0x0000000080300000| PB 0x0000000080300000| Complete 
|   4|0x0000000080400000, 0x0000000080500000, 0x0000000080500000|100%| O|  |TAMS 0x0000000080400000| PB 0x0000000080400000| Untracked 
|   5|0x0000000080500000, 0x0000000080600000, 0x0000000080600000|100%| O|  |TAMS 0x0000000080500000| PB 0x0000000080500000| Untracked 
|   6|0x0000000080600000, 0x0000000080700000, 0x0000000080700000|100%| O|  |TAMS 0x0000000080600000| PB 0x0000000080600000| Untracked 
|   7|0x0000000080700000, 0x0000000080800000, 0x0000000080800000|100%| O|  |TAMS 0x0000000080700000| PB 0x0000000080700000| Untracked 
|   8|0x0000000080800000, 0x0000000080900000, 0x0000000080900000|100%| O|  |TAMS 0x0000000080800000| PB 0x0000000080800000| Untracked 
|   9|0x0000000080900000, 0x00000000809642a0, 0x0000000080a00000| 39%| O|  |TAMS 0x0000000080900000| PB 0x0000000080900000| Untracked 
|  10|0x0000000080a00000, 0x0000000080a00000, 0x0000000080b00000|  0%| F|  |TAMS 0x0000000080a00000| PB 0x0000000080a00000| Untracked 
|  11|0x0000000080b00000, 0x0000000080b00000, 0x0000000080c00000|  0%| F|  |TAMS 0x0000000080b00000| PB 0x0000000080b00000| Untracked 
|  12|0x0000000080c00000, 0x0000000080c00000, 0x0000000080d00000|  0%| F|  |TAMS 0x0000000080c00000| PB 0x0000000080c00000| Untracked 
|  13|0x0000000080d00000, 0x0000000080d00000, 0x0000000080e00000|  0%| F|  |TAMS 0x0000000080d00000| PB 0x0000000080d00000| Untracked 
|  14|0x0000000080e00000, 0x0000000080e00000, 0x0000000080f00000|  0%| F|  |TAMS 0x0000000080e00000| PB 0x0000000080e00000| Untracked 
|  15|0x0000000080f00000, 0x0000000080f00000, 0x0000000081000000|  0%| F|  |TAMS 0x0000000080f00000| PB 0x0000000080f00000| Untracked 
|  16|0x0000000081000000, 0x0000000081000000, 0x0000000081100000|  0%| F|  |TAMS 0x0000000081000000| PB 0x0000000081000000| Untracked 
|  17|0x0000000081100000, 0x0000000081100000, 0x0000000081200000|  0%| F|  |TAMS 0x0000000081100000| PB 0x0000000081100000| Untracked 
|  18|0x0000000081200000, 0x0000000081200000, 0x0000000081300000|  0%| F|  |TAMS 0x0000000081200000| PB 0x0000000081200000| Untracked 
|  19|0x0000000081300000, 0x0000000081300000, 0x0000000081400000|  0%| F|  |TAMS 0x0000000081300000| PB 0x0000000081300000| Untracked 
|  20|0x0000000081400000, 0x0000000081400000, 0x0000000081500000|  0%| F|  |TAMS 0x0000000081400000| PB 0x0000000081400000| Untracked 
|  21|0x0000000081500000, 0x0000000081500000, 0x0000000081600000|  0%| F|  |TAMS 0x0000000081500000| PB 0x0000000081500000| Untracked 
|  22|0x0000000081600000, 0x0000000081600000, 0x0000000081700000|  0%| F|  |TAMS 0x0000000081600000| PB 0x0000000081600000| Untracked 
|  23|0x0000000081700000, 0x0000000081700000, 0x0000000081800000|  0%| F|  |TAMS 0x0000000081700000| PB 0x0000000081700000| Untracked 
|  24|0x0000000081800000, 0x0000000081800000, 0x0000000081900000|  0%| F|  |TAMS 0x0000000081800000| PB 0x0000000081800000| Untracked 
|  25|0x0000000081900000, 0x0000000081900000, 0x0000000081a00000|  0%| F|  |TAMS 0x0000000081900000| PB 0x0000000081900000| Untracked 
|  26|0x0000000081a00000, 0x0000000081a00000, 0x0000000081b00000|  0%| F|  |TAMS 0x0000000081a00000| PB 0x0000000081a00000| Untracked 
|  27|0x0000000081b00000, 0x0000000081b00000, 0x0000000081c00000|  0%| F|  |TAMS 0x0000000081b00000| PB 0x0000000081b00000| Untracked 
|  28|0x0000000081c00000, 0x0000000081c00000, 0x0000000081d00000|  0%| F|  |TAMS 0x0000000081c00000| PB 0x0000000081c00000| Untracked 
|  29|0x0000000081d00000, 0x0000000081d00000, 0x0000000081e00000|  0%| F|  |TAMS 0x0000000081d00000| PB 0x0000000081d00000| Untracked 
|  30|0x0000000081e00000, 0x0000000081e00000, 0x0000000081f00000|  0%| F|  |TAMS 0x0000000081e00000| PB 0x0000000081e00000| Untracked 
|  31|0x0000000081f00000, 0x0000000081f00000, 0x0000000082000000|  0%| F|  |TAMS 0x0000000081f00000| PB 0x0000000081f00000| Untracked 
|  32|0x0000000082000000, 0x0000000082000000, 0x0000000082100000|  0%| F|  |TAMS 0x0000000082000000| PB 0x0000000082000000| Untracked 
|  33|0x0000000082100000, 0x0000000082100000, 0x0000000082200000|  0%| F|  |TAMS 0x0000000082100000| PB 0x0000000082100000| Untracked 
|  34|0x0000000082200000, 0x0000000082200000, 0x0000000082300000|  0%| F|  |TAMS 0x0000000082200000| PB 0x0000000082200000| Untracked 
|  35|0x0000000082300000, 0x0000000082300000, 0x0000000082400000|  0%| F|  |TAMS 0x0000000082300000| PB 0x0000000082300000| Untracked 
|  36|0x0000000082400000, 0x0000000082400000, 0x0000000082500000|  0%| F|  |TAMS 0x0000000082400000| PB 0x0000000082400000| Untracked 
|  37|0x0000000082500000, 0x0000000082500000, 0x0000000082600000|  0%| F|  |TAMS 0x0000000082500000| PB 0x0000000082500000| Untracked 
|  38|0x0000000082600000, 0x0000000082600000, 0x0000000082700000|  0%| F|  |TAMS 0x0000000082600000| PB 0x0000000082600000| Untracked 
|  39|0x0000000082700000, 0x0000000082700000, 0x0000000082800000|  0%| F|  |TAMS 0x0000000082700000| PB 0x0000000082700000| Untracked 
|  40|0x0000000082800000, 0x0000000082800000, 0x0000000082900000|  0%| F|  |TAMS 0x0000000082800000| PB 0x0000000082800000| Untracked 
|  41|0x0000000082900000, 0x0000000082900000, 0x0000000082a00000|  0%| F|  |TAMS 0x0000000082900000| PB 0x0000000082900000| Untracked 
|  42|0x0000000082a00000, 0x0000000082a00000, 0x0000000082b00000|  0%| F|  |TAMS 0x0000000082a00000| PB 0x0000000082a00000| Untracked 
|  43|0x0000000082b00000, 0x0000000082b00000, 0x0000000082c00000|  0%| F|  |TAMS 0x0000000082b00000| PB 0x0000000082b00000| Untracked 
|  44|0x0000000082c00000, 0x0000000082c00000, 0x0000000082d00000|  0%| F|  |TAMS 0x0000000082c00000| PB 0x0000000082c00000| Untracked 
|  45|0x0000000082d00000, 0x0000000082d00000, 0x0000000082e00000|  0%| F|  |TAMS 0x0000000082d00000| PB 0x0000000082d00000| Untracked 
|  46|0x0000000082e00000, 0x0000000082e00000, 0x0000000082f00000|  0%| F|  |TAMS 0x0000000082e00000| PB 0x0000000082e00000| Untracked 
|  47|0x0000000082f00000, 0x0000000082f00000, 0x0000000083000000|  0%| F|  |TAMS 0x0000000082f00000| PB 0x0000000082f00000| Untracked 
|  48|0x0000000083000000, 0x0000000083000000, 0x0000000083100000|  0%| F|  |TAMS 0x0000000083000000| PB 0x0000000083000000| Untracked 
|  49|0x0000000083100000, 0x0000000083100000, 0x0000000083200000|  0%| F|  |TAMS 0x0000000083100000| PB 0x0000000083100000| Untracked 
|  50|0x0000000083200000, 0x0000000083200000, 0x0000000083300000|  0%| F|  |TAMS 0x0000000083200000| PB 0x0000000083200000| Untracked 
|  51|0x0000000083300000, 0x0000000083300000, 0x0000000083400000|  0%| F|  |TAMS 0x0000000083300000| PB 0x0000000083300000| Untracked 
|  52|0x0000000083400000, 0x0000000083400000, 0x0000000083500000|  0%| F|  |TAMS 0x0000000083400000| PB 0x0000000083400000| Untracked 
|  53|0x0000000083500000, 0x0000000083500000, 0x0000000083600000|  0%| F|  |TAMS 0x0000000083500000| PB 0x0000000083500000| Untracked 
|  54|0x0000000083600000, 0x0000000083600000, 0x0000000083700000|  0%| F|  |TAMS 0x0000000083600000| PB 0x0000000083600000| Untracked 
|  55|0x0000000083700000, 0x0000000083700000, 0x0000000083800000|  0%| F|  |TAMS 0x0000000083700000| PB 0x0000000083700000| Untracked 
|  56|0x0000000083800000, 0x0000000083800000, 0x0000000083900000|  0%| F|  |TAMS 0x0000000083800000| PB 0x0000000083800000| Untracked 
|  57|0x0000000083900000, 0x0000000083900000, 0x0000000083a00000|  0%| F|  |TAMS 0x0000000083900000| PB 0x0000000083900000| Untracked 
|  58|0x0000000083a00000, 0x0000000083a00000, 0x0000000083b00000|  0%| F|  |TAMS 0x0000000083a00000| PB 0x0000000083a00000| Untracked 
|  59|0x0000000083b00000, 0x0000000083b00000, 0x0000000083c00000|  0%| F|  |TAMS 0x0000000083b00000| PB 0x0000000083b00000| Untracked 
|  60|0x0000000083c00000, 0x0000000083c00000, 0x0000000083d00000|  0%| F|  |TAMS 0x0000000083c00000| PB 0x0000000083c00000| Untracked 
|  61|0x0000000083d00000, 0x0000000083d00000, 0x0000000083e00000|  0%| F|  |TAMS 0x0000000083d00000| PB 0x0000000083d00000| Untracked 
|  62|0x0000000083e00000, 0x0000000083e00000, 0x0000000083f00000|  0%| F|  |TAMS 0x0000000083e00000| PB 0x0000000083e00000| Untracked 
|  63|0x0000000083f00000, 0x0000000083f00000, 0x0000000084000000|  0%| F|  |TAMS 0x0000000083f00000| PB 0x0000000083f00000| Untracked 
|  64|0x0000000084000000, 0x0000000084000000, 0x0000000084100000|  0%| F|  |TAMS 0x0000000084000000| PB 0x0000000084000000| Untracked 
|  65|0x0000000084100000, 0x0000000084100000, 0x0000000084200000|  0%| F|  |TAMS 0x0000000084100000| PB 0x0000000084100000| Untracked 
|  66|0x0000000084200000, 0x0000000084200000, 0x0000000084300000|  0%| F|  |TAMS 0x0000000084200000| PB 0x0000000084200000| Untracked 
|  67|0x0000000084300000, 0x0000000084300000, 0x0000000084400000|  0%| F|  |TAMS 0x0000000084300000| PB 0x0000000084300000| Untracked 
|  68|0x0000000084400000, 0x0000000084400000, 0x0000000084500000|  0%| F|  |TAMS 0x0000000084400000| PB 0x0000000084400000| Untracked 
|  69|0x0000000084500000, 0x0000000084500000, 0x0000000084600000|  0%| F|  |TAMS 0x0000000084500000| PB 0x0000000084500000| Untracked 
|  70|0x0000000084600000, 0x0000000084600000, 0x0000000084700000|  0%| F|  |TAMS 0x0000000084600000| PB 0x0000000084600000| Untracked 
|  71|0x0000000084700000, 0x0000000084700000, 0x0000000084800000|  0%| F|  |TAMS 0x0000000084700000| PB 0x0000000084700000| Untracked 
|  72|0x0000000084800000, 0x0000000084800000, 0x0000000084900000|  0%| F|  |TAMS 0x0000000084800000| PB 0x0000000084800000| Untracked 
|  73|0x0000000084900000, 0x0000000084900000, 0x0000000084a00000|  0%| F|  |TAMS 0x0000000084900000| PB 0x0000000084900000| Untracked 
|  74|0x0000000084a00000, 0x0000000084a00000, 0x0000000084b00000|  0%| F|  |TAMS 0x0000000084a00000| PB 0x0000000084a00000| Untracked 
|  75|0x0000000084b00000, 0x0000000084b00000, 0x0000000084c00000|  0%| F|  |TAMS 0x0000000084b00000| PB 0x0000000084b00000| Untracked 
|  76|0x0000000084c00000, 0x0000000084c00000, 0x0000000084d00000|  0%| F|  |TAMS 0x0000000084c00000| PB 0x0000000084c00000| Untracked 
|  77|0x0000000084d00000, 0x0000000084d00000, 0x0000000084e00000|  0%| F|  |TAMS 0x0000000084d00000| PB 0x0000000084d00000| Untracked 
|  78|0x0000000084e00000, 0x0000000084e00000, 0x0000000084f00000|  0%| F|  |TAMS 0x0000000084e00000| PB 0x0000000084e00000| Untracked 
|  79|0x0000000084f00000, 0x0000000084f00000, 0x0000000085000000|  0%| F|  |TAMS 0x0000000084f00000| PB 0x0000000084f00000| Untracked 
|  80|0x0000000085000000, 0x0000000085000000, 0x0000000085100000|  0%| F|  |TAMS 0x0000000085000000| PB 0x0000000085000000| Untracked 
|  81|0x0000000085100000, 0x0000000085100000, 0x0000000085200000|  0%| F|  |TAMS 0x0000000085100000| PB 0x0000000085100000| Untracked 
|  82|0x0000000085200000, 0x0000000085200000, 0x0000000085300000|  0%| F|  |TAMS 0x0000000085200000| PB 0x0000000085200000| Untracked 
|  83|0x0000000085300000, 0x0000000085300000, 0x0000000085400000|  0%| F|  |TAMS 0x0000000085300000| PB 0x0000000085300000| Untracked 
|  84|0x0000000085400000, 0x0000000085400000, 0x0000000085500000|  0%| F|  |TAMS 0x0000000085400000| PB 0x0000000085400000| Untracked 
|  85|0x0000000085500000, 0x0000000085500000, 0x0000000085600000|  0%| F|  |TAMS 0x0000000085500000| PB 0x0000000085500000| Untracked 
|  86|0x0000000085600000, 0x0000000085600000, 0x0000000085700000|  0%| F|  |TAMS 0x0000000085600000| PB 0x0000000085600000| Untracked 
|  87|0x0000000085700000, 0x0000000085700000, 0x0000000085800000|  0%| F|  |TAMS 0x0000000085700000| PB 0x0000000085700000| Untracked 
|  88|0x0000000085800000, 0x0000000085800000, 0x0000000085900000|  0%| F|  |TAMS 0x0000000085800000| PB 0x0000000085800000| Untracked 
|  89|0x0000000085900000, 0x0000000085900000, 0x0000000085a00000|  0%| F|  |TAMS 0x0000000085900000| PB 0x0000000085900000| Untracked 
|  90|0x0000000085a00000, 0x0000000085a00000, 0x0000000085b00000|  0%| F|  |TAMS 0x0000000085a00000| PB 0x0000000085a00000| Untracked 
|  91|0x0000000085b00000, 0x0000000085b00000, 0x0000000085c00000|  0%| F|  |TAMS 0x0000000085b00000| PB 0x0000000085b00000| Untracked 
|  92|0x0000000085c00000, 0x0000000085c00000, 0x0000000085d00000|  0%| F|  |TAMS 0x0000000085c00000| PB 0x0000000085c00000| Untracked 
|  93|0x0000000085d00000, 0x0000000085d71d20, 0x0000000085e00000| 44%| S|CS|TAMS 0x0000000085d00000| PB 0x0000000085d00000| Complete 
|  94|0x0000000085e00000, 0x0000000085f00000, 0x0000000085f00000|100%| S|CS|TAMS 0x0000000085e00000| PB 0x0000000085e00000| Complete 
|  95|0x0000000085f00000, 0x0000000086000000, 0x0000000086000000|100%| S|CS|TAMS 0x0000000085f00000| PB 0x0000000085f00000| Complete 
|  96|0x0000000086000000, 0x0000000086100000, 0x0000000086100000|100%| S|CS|TAMS 0x0000000086000000| PB 0x0000000086000000| Complete 
|  97|0x0000000086100000, 0x0000000086100000, 0x0000000086200000|  0%| F|  |TAMS 0x0000000086100000| PB 0x0000000086100000| Untracked 
|  98|0x0000000086200000, 0x0000000086200000, 0x0000000086300000|  0%| F|  |TAMS 0x0000000086200000| PB 0x0000000086200000| Untracked 
|  99|0x0000000086300000, 0x0000000086300000, 0x0000000086400000|  0%| F|  |TAMS 0x0000000086300000| PB 0x0000000086300000| Untracked 
| 100|0x0000000086400000, 0x0000000086400000, 0x0000000086500000|  0%| F|  |TAMS 0x0000000086400000| PB 0x0000000086400000| Untracked 
| 101|0x0000000086500000, 0x0000000086500000, 0x0000000086600000|  0%| F|  |TAMS 0x0000000086500000| PB 0x0000000086500000| Untracked 
| 102|0x0000000086600000, 0x0000000086600000, 0x0000000086700000|  0%| F|  |TAMS 0x0000000086600000| PB 0x0000000086600000| Untracked 
| 103|0x0000000086700000, 0x0000000086700000, 0x0000000086800000|  0%| F|  |TAMS 0x0000000086700000| PB 0x0000000086700000| Untracked 
| 104|0x0000000086800000, 0x0000000086800000, 0x0000000086900000|  0%| F|  |TAMS 0x0000000086800000| PB 0x0000000086800000| Untracked 
| 105|0x0000000086900000, 0x0000000086900000, 0x0000000086a00000|  0%| F|  |TAMS 0x0000000086900000| PB 0x0000000086900000| Untracked 
| 106|0x0000000086a00000, 0x0000000086a00000, 0x0000000086b00000|  0%| F|  |TAMS 0x0000000086a00000| PB 0x0000000086a00000| Untracked 
| 107|0x0000000086b00000, 0x0000000086b00000, 0x0000000086c00000|  0%| F|  |TAMS 0x0000000086b00000| PB 0x0000000086b00000| Untracked 
| 108|0x0000000086c00000, 0x0000000086c00000, 0x0000000086d00000|  0%| F|  |TAMS 0x0000000086c00000| PB 0x0000000086c00000| Untracked 
| 109|0x0000000086d00000, 0x0000000086d00000, 0x0000000086e00000|  0%| F|  |TAMS 0x0000000086d00000| PB 0x0000000086d00000| Untracked 
| 110|0x0000000086e00000, 0x0000000086e00000, 0x0000000086f00000|  0%| F|  |TAMS 0x0000000086e00000| PB 0x0000000086e00000| Untracked 
| 111|0x0000000086f00000, 0x0000000086f49098, 0x0000000087000000| 28%| E|  |TAMS 0x0000000086f00000| PB 0x0000000086f00000| Complete 
| 112|0x0000000087000000, 0x0000000087100000, 0x0000000087100000|100%| E|CS|TAMS 0x0000000087000000| PB 0x0000000087000000| Complete 
| 113|0x0000000087100000, 0x0000000087200000, 0x0000000087200000|100%| E|CS|TAMS 0x0000000087100000| PB 0x0000000087100000| Complete 
| 114|0x0000000087200000, 0x0000000087300000, 0x0000000087300000|100%| E|CS|TAMS 0x0000000087200000| PB 0x0000000087200000| Complete 
| 115|0x0000000087300000, 0x0000000087400000, 0x0000000087400000|100%| E|CS|TAMS 0x0000000087300000| PB 0x0000000087300000| Complete 
| 116|0x0000000087400000, 0x0000000087500000, 0x0000000087500000|100%| E|CS|TAMS 0x0000000087400000| PB 0x0000000087400000| Complete 
| 117|0x0000000087500000, 0x0000000087600000, 0x0000000087600000|100%| E|CS|TAMS 0x0000000087500000| PB 0x0000000087500000| Complete 
| 118|0x0000000087600000, 0x0000000087700000, 0x0000000087700000|100%| E|CS|TAMS 0x0000000087600000| PB 0x0000000087600000| Complete 
| 119|0x0000000087700000, 0x0000000087800000, 0x0000000087800000|100%| E|CS|TAMS 0x0000000087700000| PB 0x0000000087700000| Complete 
| 120|0x0000000087800000, 0x0000000087900000, 0x0000000087900000|100%| E|CS|TAMS 0x0000000087800000| PB 0x0000000087800000| Complete 
| 121|0x0000000087900000, 0x0000000087a00000, 0x0000000087a00000|100%| E|CS|TAMS 0x0000000087900000| PB 0x0000000087900000| Complete 
| 122|0x0000000087a00000, 0x0000000087b00000, 0x0000000087b00000|100%| E|CS|TAMS 0x0000000087a00000| PB 0x0000000087a00000| Complete 
| 123|0x0000000087b00000, 0x0000000087c00000, 0x0000000087c00000|100%| E|CS|TAMS 0x0000000087b00000| PB 0x0000000087b00000| Complete 
| 124|0x0000000087c00000, 0x0000000087d00000, 0x0000000087d00000|100%| E|CS|TAMS 0x0000000087c00000| PB 0x0000000087c00000| Complete 
| 125|0x0000000087d00000, 0x0000000087e00000, 0x0000000087e00000|100%| E|CS|TAMS 0x0000000087d00000| PB 0x0000000087d00000| Complete 
| 126|0x0000000087e00000, 0x0000000087f00000, 0x0000000087f00000|100%| E|CS|TAMS 0x0000000087e00000| PB 0x0000000087e00000| Complete 
| 127|0x0000000087f00000, 0x0000000088000000, 0x0000000088000000|100%| E|CS|TAMS 0x0000000087f00000| PB 0x0000000087f00000| Complete 

Card table byte_map: [0x000001fd278e0000,0x000001fd27ce0000] _byte_map_base: 0x000001fd274e0000

Marking Bits: (CMBitMap*) 0x000001fd1221cf30
 Bits: [0x000001fd27ce0000, 0x000001fd29ce0000)

Polling page: 0x000001fd12280000

Metaspace:

Usage:
  Non-class:     15.98 MB used.
      Class:      2.01 MB used.
       Both:     17.99 MB used.

Virtual space:
  Non-class space:       64.00 MB reserved,      16.19 MB ( 25%) committed,  1 nodes.
      Class space:        1.00 GB reserved,       2.25 MB ( <1%) committed,  1 nodes.
             Both:        1.06 GB reserved,      18.44 MB (  2%) committed. 

Chunk freelists:
   Non-Class:  15.53 MB
       Class:  13.75 MB
        Both:  29.28 MB

MaxMetaspaceSize: unlimited
CompressedClassSpaceSize: 1.00 GB
Initial GC threshold: 21.00 MB
Current GC threshold: 21.00 MB
CDS: on
 - commit_granule_bytes: 65536.
 - commit_granule_words: 8192.
 - virtual_space_node_default_size: 8388608.
 - enlarge_chunks_in_place: 1.
 - use_allocation_guard: 0.


Internal statistics:

num_allocs_failed_limit: 0.
num_arena_births: 606.
num_arena_deaths: 0.
num_vsnodes_births: 2.
num_vsnodes_deaths: 0.
num_space_committed: 295.
num_space_uncommitted: 0.
num_chunks_returned_to_freelist: 0.
num_chunks_taken_from_freelist: 1176.
num_chunk_merges: 0.
num_chunk_splits: 686.
num_chunks_enlarged: 270.
num_inconsistent_stats: 0.

CodeHeap 'non-profiled nmethods': size=120000Kb used=1420Kb max_used=1420Kb free=118579Kb
 bounds [0x000001fd1f540000, 0x000001fd1f7b0000, 0x000001fd26a70000]
CodeHeap 'profiled nmethods': size=120000Kb used=6647Kb max_used=6647Kb free=113352Kb
 bounds [0x000001fd17a70000, 0x000001fd180f0000, 0x000001fd1efa0000]
CodeHeap 'non-nmethods': size=5760Kb used=1514Kb max_used=1598Kb free=4245Kb
 bounds [0x000001fd1efa0000, 0x000001fd1f210000, 0x000001fd1f540000]
 total_blobs=3868 nmethods=3282 adapters=490
 compilation: enabled
              stopped_count=0, restarted_count=0
 full_count=0

Compilation events (20 events):
Event: 166.148 Thread 0x000001fd2c941b10 3269       4       java.io.ObjectInputStream::readClassDesc (121 bytes)
Event: 166.176 Thread 0x000001fd2c9461d0 3271  s    3       sun.rmi.transport.DGCAckHandler::startTimer (41 bytes)
Event: 166.177 Thread 0x000001fd2c9461d0 nmethod 3271 0x000001fd180e5710 code [0x000001fd180e58e0, 0x000001fd180e5d50]
Event: 166.258 Thread 0x000001fd2c9461d0 3273       3       com.mysql.cj.protocol.a.NativeServerSession::hasMoreResults (16 bytes)
Event: 166.258 Thread 0x000001fd2c9461d0 nmethod 3273 0x000001fd180e5e90 code [0x000001fd180e6020, 0x000001fd180e6188]
Event: 166.291 Thread 0x000001fd2c9461d0 3274       3       java.lang.invoke.LambdaForm$MH/0x000001fd2e21e400::invoke (36 bytes)
Event: 166.292 Thread 0x000001fd2c9461d0 nmethod 3274 0x000001fd180e6210 code [0x000001fd180e6400, 0x000001fd180e6a80]
Event: 166.292 Thread 0x000001fd2c9461d0 3275       3       java.lang.invoke.LambdaForm$DMH/0x000001fd2e21e000::invokeInterface (25 bytes)
Event: 166.292 Thread 0x000001fd2c9461d0 nmethod 3275 0x000001fd180e6c10 code [0x000001fd180e6e00, 0x000001fd180e7540]
Event: 166.312 Thread 0x000001fd2c9461d0 3277       3       java.lang.String::toCharArray (25 bytes)
Event: 166.312 Thread 0x000001fd2c9461d0 nmethod 3277 0x000001fd180e7690 code [0x000001fd180e7860, 0x000001fd180e7af8]
Event: 166.393 Thread 0x000001fd2c9461d0 3278       3       com.mysql.cj.protocol.a.MysqlTextValueDecoder::decodeUInt4 (16 bytes)
Event: 166.393 Thread 0x000001fd2c9461d0 nmethod 3278 0x000001fd180e7c10 code [0x000001fd180e7dc0, 0x000001fd180e7fe8]
Event: 166.394 Thread 0x000001fd2c9461d0 3279       3       com.mysql.cj.result.ShortValueFactory::createFromLong (6 bytes)
Event: 166.394 Thread 0x000001fd2c9461d0 nmethod 3279 0x000001fd180e8110 code [0x000001fd180e82c0, 0x000001fd180e8418]
Event: 166.394 Thread 0x000001fd2c9461d0 3280       3       com.mysql.cj.result.ShortValueFactory::createFromLong (64 bytes)
Event: 166.395 Thread 0x000001fd2c9461d0 nmethod 3280 0x000001fd180e8510 code [0x000001fd180e8760, 0x000001fd180e9068]
Event: 166.411 Thread 0x000001fd2c9461d0 3281       3       java.lang.Character::getType (9 bytes)
Event: 166.412 Thread 0x000001fd2c9461d0 nmethod 3281 0x000001fd180e9390 code [0x000001fd180e9540, 0x000001fd180e9738]
Event: 166.448 Thread 0x000001fd2c9461d0 3282       3       com.intellij.database.remote.jdbc.impl.JdbcRemoteObject::getAllWarnings (51 bytes)

GC Heap History (4 events):
Event: 1.673 GC heap before
{Heap before GC invocations=0 (full 0):
 garbage-first heap   total 131072K, used 26624K [0x0000000080000000, 0x0000000100000000)
  region size 1024K, 23 young (23552K), 0 survivors (0K)
 Metaspace       used 8276K, committed 8640K, reserved 1114112K
  class space    used 1031K, committed 1216K, reserved 1048576K
}
Event: 1.685 GC heap after
{Heap after GC invocations=1 (full 0):
 garbage-first heap   total 131072K, used 9344K [0x0000000080000000, 0x0000000100000000)
  region size 1024K, 3 young (3072K), 3 survivors (3072K)
 Metaspace       used 8276K, committed 8640K, reserved 1114112K
  class space    used 1031K, committed 1216K, reserved 1048576K
}
Event: 162.307 GC heap before
{Heap before GC invocations=1 (full 0):
 garbage-first heap   total 131072K, used 36992K [0x0000000080000000, 0x0000000100000000)
  region size 1024K, 31 young (31744K), 3 survivors (3072K)
 Metaspace       used 18100K, committed 18496K, reserved 1114112K
  class space    used 2057K, committed 2240K, reserved 1048576K
}
Event: 162.385 GC heap after
{Heap after GC invocations=2 (full 0):
 garbage-first heap   total 131072K, used 13143K [0x0000000080000000, 0x0000000100000000)
  region size 1024K, 4 young (4096K), 4 survivors (4096K)
 Metaspace       used 18100K, committed 18496K, reserved 1114112K
  class space    used 2057K, committed 2240K, reserved 1048576K
}

Dll operation events (2 events):
Event: 0.017 Loaded shared library C:\Program Files\Jetbrain\IntelliJ IDEA 2024.3.7\jbr\bin\java.dll
Event: 0.062 Loaded shared library C:\Program Files\Jetbrain\IntelliJ IDEA 2024.3.7\jbr\bin\zip.dll

Deoptimization events (20 events):
Event: 158.348 Thread 0x000001fd723e5940 Uncommon trap: trap_request=0xffffffc6 fr.pc=0x000001fd1f588c18 relative=0x0000000000000518
Event: 158.348 Thread 0x000001fd723e5940 Uncommon trap: reason=bimorphic_or_optimized_type_check action=maybe_recompile pc=0x000001fd1f588c18 method=java.util.HashMap.getNode(Ljava/lang/Object;)Ljava/util/HashMap$Node; @ 128 c2
Event: 158.348 Thread 0x000001fd723e5940 DEOPT PACKING pc=0x000001fd1f588c18 sp=0x000000472b3feb90
Event: 158.348 Thread 0x000001fd723e5940 DEOPT UNPACKING pc=0x000001fd1eff46a2 sp=0x000000472b3feb18 mode 2
Event: 161.485 Thread 0x000001fd723e2b50 Uncommon trap: trap_request=0xffffff45 fr.pc=0x000001fd1f5e8a88 relative=0x0000000000001068
Event: 161.485 Thread 0x000001fd723e2b50 Uncommon trap: reason=unstable_if action=reinterpret pc=0x000001fd1f5e8a88 method=java.util.concurrent.ConcurrentHashMap.putVal(Ljava/lang/Object;Ljava/lang/Object;Z)Ljava/lang/Object; @ 231 c2
Event: 161.485 Thread 0x000001fd723e2b50 DEOPT PACKING pc=0x000001fd1f5e8a88 sp=0x00000047295fc790
Event: 161.485 Thread 0x000001fd723e2b50 DEOPT UNPACKING pc=0x000001fd1eff46a2 sp=0x00000047295fc710 mode 2
Event: 162.191 Thread 0x000001fd723e2b50 Uncommon trap: trap_request=0xffffff45 fr.pc=0x000001fd1f5ad270 relative=0x0000000000000310
Event: 162.191 Thread 0x000001fd723e2b50 Uncommon trap: reason=unstable_if action=reinterpret pc=0x000001fd1f5ad270 method=java.util.HashMap.getNode(Ljava/lang/Object;)Ljava/util/HashMap$Node; @ 131 c2
Event: 162.191 Thread 0x000001fd723e2b50 DEOPT PACKING pc=0x000001fd1f5ad270 sp=0x00000047295fe6a0
Event: 162.191 Thread 0x000001fd723e2b50 DEOPT UNPACKING pc=0x000001fd1eff46a2 sp=0x00000047295fe5b0 mode 2
Event: 162.422 Thread 0x000001fd723e2b50 DEOPT PACKING pc=0x000001fd17e064b7 sp=0x00000047295fe200
Event: 162.422 Thread 0x000001fd723e2b50 DEOPT UNPACKING pc=0x000001fd1eff4e42 sp=0x00000047295fd678 mode 0
Event: 163.669 Thread 0x000001fd723e2b50 Uncommon trap: trap_request=0xffffff45 fr.pc=0x000001fd1f637278 relative=0x0000000000000498
Event: 163.669 Thread 0x000001fd723e2b50 Uncommon trap: reason=unstable_if action=reinterpret pc=0x000001fd1f637278 method=java.util.HashMap.getNode(Ljava/lang/Object;)Ljava/util/HashMap$Node; @ 131 c2
Event: 163.669 Thread 0x000001fd723e2b50 DEOPT PACKING pc=0x000001fd1f637278 sp=0x00000047295fe6b0
Event: 163.675 Thread 0x000001fd723e2b50 DEOPT UNPACKING pc=0x000001fd1eff46a2 sp=0x00000047295fe620 mode 2
Event: 164.002 Thread 0x000001fd723e2b50 DEOPT PACKING pc=0x000001fd17efd83e sp=0x00000047295fda80
Event: 164.002 Thread 0x000001fd723e2b50 DEOPT UNPACKING pc=0x000001fd1eff4e42 sp=0x00000047295fcf40 mode 0

Classes loaded (20 events):
Event: 40.867 Loading class sun/security/ssl/Alert$Level
Event: 40.867 Loading class sun/security/ssl/Alert$Level done
Event: 40.869 Loading class java/io/InterruptedIOException
Event: 40.869 Loading class java/io/InterruptedIOException done
Event: 40.869 Loading class java/lang/StackTraceElement$HashedModules
Event: 40.870 Loading class java/lang/StackTraceElement$HashedModules done
Event: 158.705 Loading class java/lang/AbstractMethodError
Event: 158.707 Loading class java/lang/AbstractMethodError done
Event: 159.561 Loading class java/lang/Short$ShortCache
Event: 159.567 Loading class java/lang/Short$ShortCache done
Event: 159.619 Loading class java/util/regex/Pattern$Behind
Event: 159.623 Loading class java/util/regex/Pattern$Behind done
Event: 159.623 Loading class java/util/regex/Pattern$Pos
Event: 159.625 Loading class java/util/regex/Pattern$Pos done
Event: 161.685 Loading class java/math/BigDecimal$UnsafeHolder
Event: 161.715 Loading class java/math/BigDecimal$UnsafeHolder done
Event: 161.756 Loading class java/io/ObjectOutputStream$PutFieldImpl
Event: 161.770 Loading class java/io/ObjectOutputStream$PutField
Event: 161.770 Loading class java/io/ObjectOutputStream$PutField done
Event: 161.770 Loading class java/io/ObjectOutputStream$PutFieldImpl done

Classes unloaded (0 events):
No events

Classes redefined (0 events):
No events

Internal exceptions (20 events):
Event: 2.940 Thread 0x000001fd723e5940 Exception <a 'java/lang/NoSuchMethodError'{0x0000000086f35688}: 'java.lang.Object java.lang.invoke.DirectMethodHandle$Holder.invokeStatic(java.lang.Object, java.lang.Object, java.lang.Object, java.lang.Object, int)'> (0x0000000086f35688) 
thrown [s\src\hotspot\share\interpreter\linkResolver.cpp, line 784]
Event: 2.964 Thread 0x000001fd723e5940 Exception <a 'java/lang/NoSuchMethodError'{0x0000000086f60ea8}: 'void java.lang.invoke.DirectMethodHandle$Holder.invokeInterface(java.lang.Object, java.lang.Object, int)'> (0x0000000086f60ea8) 
thrown [s\src\hotspot\share\interpreter\linkResolver.cpp, line 784]
Event: 2.965 Thread 0x000001fd723e5940 Exception <a 'java/lang/NoSuchMethodError'{0x0000000086f64d30}: 'void java.lang.invoke.DelegatingMethodHandle$Holder.reinvoke_L(java.lang.Object, java.lang.Object, int)'> (0x0000000086f64d30) 
thrown [s\src\hotspot\share\interpreter\linkResolver.cpp, line 784]
Event: 3.070 Thread 0x000001fd723e5940 Exception <a 'java/lang/NoSuchMethodError'{0x0000000086ff5640}: 'void java.lang.invoke.DirectMethodHandle$Holder.invokeInterface(java.lang.Object, java.lang.Object)'> (0x0000000086ff5640) 
thrown [s\src\hotspot\share\interpreter\linkResolver.cpp, line 784]
Event: 3.397 Thread 0x000001fd723e5940 Exception <a 'java/lang/NoSuchMethodError'{0x0000000086d6eb78}: 'java.lang.Object java.lang.invoke.DirectMethodHandle$Holder.invokeInterface(java.lang.Object, java.lang.Object, int)'> (0x0000000086d6eb78) 
thrown [s\src\hotspot\share\interpreter\linkResolver.cpp, line 784]
Event: 3.887 Thread 0x000001fd723e5940 Exception <a 'java/lang/NoSuchMethodError'{0x0000000086c14de0}: 'int java.lang.invoke.DirectMethodHandle$Holder.invokeInterface(java.lang.Object, java.lang.Object, int, int)'> (0x0000000086c14de0) 
thrown [s\src\hotspot\share\interpreter\linkResolver.cpp, line 784]
Event: 3.889 Thread 0x000001fd723e5940 Exception <a 'java/lang/NoSuchMethodError'{0x0000000086c1bcd0}: 'int java.lang.invoke.DelegatingMethodHandle$Holder.reinvoke_L(java.lang.Object, java.lang.Object, int, int)'> (0x0000000086c1bcd0) 
thrown [s\src\hotspot\share\interpreter\linkResolver.cpp, line 784]
Event: 3.895 Thread 0x000001fd723e5940 Exception <a 'java/lang/NoSuchMethodError'{0x0000000086c32808}: static Lcom/intellij/database/remote/jdbc/RemoteResultSet$DataRetrievingOptions;.<clinit>()V> (0x0000000086c32808) 
thrown [s\src\hotspot\share\prims\jni.cpp, line 1135]
Event: 40.869 Thread 0x000001fd723e5940 Exception <a 'java/io/IOException'{0x0000000086c723a8}> (0x0000000086c723a8) 
thrown [s\src\hotspot\share\prims\jni.cpp, line 535]
Event: 159.655 Thread 0x000001fd723e5940 Exception <a 'java/lang/NoSuchMethodError'{0x00000000869f8238}: static Lcom/intellij/database/remote/jdba/core/ConnectionInfo;.<clinit>()V> (0x00000000869f8238) 
thrown [s\src\hotspot\share\prims\jni.cpp, line 1135]
Event: 159.672 Thread 0x000001fd723e5940 Exception <a 'java/lang/NoSuchMethodError'{0x0000000086503088}: static Ljava/lang/Object;.<clinit>()V> (0x0000000086503088) 
thrown [s\src\hotspot\share\prims\jni.cpp, line 1135]
Event: 159.673 Thread 0x000001fd723e5940 Exception <a 'java/lang/NoSuchMethodError'{0x0000000086507668}: static [I.<clinit>()V> (0x0000000086507668) 
thrown [s\src\hotspot\share\prims\jni.cpp, line 1135]
Event: 159.995 Thread 0x000001fd723e2b50 Exception <a 'java/lang/NoSuchMethodError'{0x000000008659a5f0}: 'java.lang.Object java.lang.invoke.DirectMethodHandle$Holder.invokeInterface(java.lang.Object, java.lang.Object, java.lang.Object, java.lang.Object)'> (0x000000008659a5f0) 
thrown [s\src\hotspot\share\interpreter\linkResolver.cpp, line 784]
Event: 160.467 Thread 0x000001fd723e2b50 Exception <a 'java/lang/NoSuchMethodError'{0x00000000864e23d0}: static Lcom/intellij/database/remote/jdba/core/ResultLayout;.<clinit>()V> (0x00000000864e23d0) 
thrown [s\src\hotspot\share\prims\jni.cpp, line 1135]
Event: 160.510 Thread 0x000001fd723e2b50 Exception <a 'java/lang/NoSuchMethodError'{0x00000000864ef7b0}: static Lcom/intellij/database/remote/jdba/core/RowLayout;.<clinit>()V> (0x00000000864ef7b0) 
thrown [s\src\hotspot\share\prims\jni.cpp, line 1135]
Event: 160.524 Thread 0x000001fd723e2b50 Exception <a 'java/lang/NoSuchMethodError'{0x00000000864fb228}: static Lcom/intellij/database/remote/jdba/util/NameAndClass;.<clinit>()V> (0x00000000864fb228) 
thrown [s\src\hotspot\share\prims\jni.cpp, line 1135]
Event: 160.525 Thread 0x000001fd723e2b50 Exception <a 'java/lang/NoSuchMethodError'{0x00000000864fde98}: 'java.lang.Object java.lang.invoke.DirectMethodHandle$Holder.invokeInterface(java.lang.Object, java.lang.Object, int, java.lang.Object)'> (0x00000000864fde98) 
thrown [s\src\hotspot\share\interpreter\linkResolver.cpp, line 784]
Event: 160.528 Thread 0x000001fd723e2b50 Exception <a 'java/lang/NoSuchMethodError'{0x0000000086302450}: 'java.lang.Object java.lang.invoke.DirectMethodHandle$Holder.invokeSpecial(java.lang.Object, java.lang.Object, java.lang.Object, int, java.lang.Object)'> (0x0000000086302450) 
thrown [s\src\hotspot\share\interpreter\linkResolver.cpp, line 784]
Event: 160.671 Thread 0x000001fd723e2b50 Exception <a 'java/lang/NoSuchMethodError'{0x00000000863799a0}: static [Ljava/lang/String;.<clinit>()V> (0x00000000863799a0) 
thrown [s\src\hotspot\share\prims\jni.cpp, line 1135]
Event: 161.393 Thread 0x000001fd723e2b50 Exception <a 'java/lang/NoSuchMethodError'{0x0000000086215998}: static [Ljava/lang/Object;.<clinit>()V> (0x0000000086215998) 
thrown [s\src\hotspot\share\prims\jni.cpp, line 1135]

ZGC Phase Switch (0 events):
No events

VM Operations (20 events):
Event: 157.225 Executing VM operation: Cleanup
Event: 157.226 Executing VM operation: Cleanup done
Event: 158.228 Executing VM operation: Cleanup
Event: 158.229 Executing VM operation: Cleanup done
Event: 160.242 Executing VM operation: Cleanup
Event: 160.243 Executing VM operation: Cleanup done
Event: 161.243 Executing VM operation: Cleanup
Event: 161.243 Executing VM operation: Cleanup done
Event: 162.243 Executing VM operation: Cleanup
Event: 162.244 Executing VM operation: Cleanup done
Event: 162.307 Executing VM operation: G1CollectForAllocation (G1 Evacuation Pause)
Event: 162.385 Executing VM operation: G1CollectForAllocation (G1 Evacuation Pause) done
Event: 163.386 Executing VM operation: Cleanup
Event: 163.387 Executing VM operation: Cleanup done
Event: 164.387 Executing VM operation: Cleanup
Event: 164.387 Executing VM operation: Cleanup done
Event: 165.388 Executing VM operation: Cleanup
Event: 165.389 Executing VM operation: Cleanup done
Event: 166.390 Executing VM operation: Cleanup
Event: 166.390 Executing VM operation: Cleanup done

Memory protections (0 events):
No events

Nmethod flushes (0 events):
No events

Events (20 events):
Event: 6.803 Thread 0x000001fd72b461b0 Thread exited: 0x000001fd72b461b0
Event: 6.803 Thread 0x000001fd72b45490 Thread exited: 0x000001fd72b45490
Event: 6.803 Thread 0x000001fd723e3f00 Thread exited: 0x000001fd723e3f00
Event: 6.803 Thread 0x000001fd723e2b50 Thread exited: 0x000001fd723e2b50
Event: 6.803 Thread 0x000001fd723e3870 Thread exited: 0x000001fd723e3870
Event: 6.804 Thread 0x000001fd72b45b20 Thread exited: 0x000001fd72b45b20
Event: 6.804 Thread 0x000001fd72b46840 Thread exited: 0x000001fd72b46840
Event: 76.129 Thread 0x000001fd723e31e0 Thread exited: 0x000001fd723e31e0
Event: 91.077 Thread 0x000001fd2c079d30 Thread exited: 0x000001fd2c079d30
Event: 144.707 Thread 0x000001fd723e5940 Thread added: 0x000001fd723e3870
Event: 144.726 Thread 0x000001fd723e3870 Thread exited: 0x000001fd723e3870
Event: 159.722 Thread 0x000001fd2c07b0e0 Thread added: 0x000001fd723e2b50
Event: 159.757 Thread 0x000001fd723e2b50 Thread added: 0x000001fd723e31e0
Event: 159.758 Thread 0x000001fd723e2b50 Thread added: 0x000001fd723e3870
Event: 159.761 Thread 0x000001fd723e2b50 Thread added: 0x000001fd723e3f00
Event: 159.762 Thread 0x000001fd723e2b50 Thread added: 0x000001fd2c079d30
Event: 159.784 Thread 0x000001fd723e31e0 Thread exited: 0x000001fd723e31e0
Event: 159.784 Thread 0x000001fd2c079d30 Thread exited: 0x000001fd2c079d30
Event: 159.792 Thread 0x000001fd723e3870 Thread exited: 0x000001fd723e3870
Event: 159.796 Thread 0x000001fd723e3f00 Thread exited: 0x000001fd723e3f00


Dynamic libraries:
0x00007ff779890000 - 0x00007ff77989a000 	C:\Program Files\Jetbrain\IntelliJ IDEA 2024.3.7\jbr\bin\java.exe
0x00007ffd6c0c0000 - 0x00007ffd6c326000 	C:\WINDOWS\SYSTEM32\ntdll.dll
0x00007ffd6b3d0000 - 0x00007ffd6b499000 	C:\WINDOWS\System32\KERNEL32.DLL
0x00007ffd694f0000 - 0x00007ffd698ef000 	C:\WINDOWS\System32\KERNELBASE.dll
0x00007ffd69390000 - 0x00007ffd694dc000 	C:\WINDOWS\System32\ucrtbase.dll
0x00007ffd61fb0000 - 0x00007ffd61fcb000 	C:\Program Files\Jetbrain\IntelliJ IDEA 2024.3.7\jbr\bin\VCRUNTIME140.dll
0x00007ffd4d550000 - 0x00007ffd4d568000 	C:\Program Files\Jetbrain\IntelliJ IDEA 2024.3.7\jbr\bin\jli.dll
0x00007ffd6be40000 - 0x00007ffd6c006000 	C:\WINDOWS\System32\USER32.dll
0x00007ffd47240000 - 0x00007ffd474d1000 	C:\WINDOWS\WinSxS\amd64_microsoft.windows.common-controls_6595b64144ccf1df_6.0.26100.8972_none_3e0da176e32f9d4b\COMCTL32.dll
0x00007ffd69dc0000 - 0x00007ffd69de7000 	C:\WINDOWS\System32\win32u.dll
0x00007ffd6a350000 - 0x00007ffd6a3f9000 	C:\WINDOWS\System32\msvcrt.dll
0x00007ffd6b4a0000 - 0x00007ffd6b4cb000 	C:\WINDOWS\System32\GDI32.dll
0x00007ffd69c00000 - 0x00007ffd69d29000 	C:\WINDOWS\System32\gdi32full.dll
0x00007ffd699c0000 - 0x00007ffd69a63000 	C:\WINDOWS\System32\msvcp_win.dll
0x00007ffd6af40000 - 0x00007ffd6af72000 	C:\WINDOWS\System32\IMM32.DLL
0x00007ffd61fe0000 - 0x00007ffd61fec000 	C:\Program Files\Jetbrain\IntelliJ IDEA 2024.3.7\jbr\bin\vcruntime140_1.dll
0x00007ffd3e860000 - 0x00007ffd3e8ed000 	C:\Program Files\Jetbrain\IntelliJ IDEA 2024.3.7\jbr\bin\msvcp140.dll
0x00007ffcda5f0000 - 0x00007ffcdb3b1000 	C:\Program Files\Jetbrain\IntelliJ IDEA 2024.3.7\jbr\bin\server\jvm.dll
0x00007ffd6bc40000 - 0x00007ffd6bcfc000 	C:\WINDOWS\System32\ADVAPI32.dll
0x00007ffd6b4d0000 - 0x00007ffd6b57a000 	C:\WINDOWS\System32\sechost.dll
0x00007ffd6bd20000 - 0x00007ffd6be38000 	C:\WINDOWS\System32\RPCRT4.dll
0x00007ffd6bbb0000 - 0x00007ffd6bc32000 	C:\WINDOWS\System32\WS2_32.dll
0x00007ffd69130000 - 0x00007ffd6918e000 	C:\WINDOWS\SYSTEM32\POWRPROF.dll
0x00007ffd4f230000 - 0x00007ffd4f266000 	C:\WINDOWS\SYSTEM32\WINMM.dll
0x00007ffd5bd30000 - 0x00007ffd5bd3b000 	C:\WINDOWS\SYSTEM32\VERSION.dll
0x00007ffd69110000 - 0x00007ffd69125000 	C:\WINDOWS\SYSTEM32\UMPDC.dll
0x00007ffd67f80000 - 0x00007ffd67f9b000 	C:\WINDOWS\SYSTEM32\kernel.appcore.dll
0x00007ffd61da0000 - 0x00007ffd61daa000 	C:\Program Files\Jetbrain\IntelliJ IDEA 2024.3.7\jbr\bin\jimage.dll
0x00007ffd66850000 - 0x00007ffd66a92000 	C:\WINDOWS\SYSTEM32\DBGHELP.DLL
0x00007ffd69df0000 - 0x00007ffd6a175000 	C:\WINDOWS\System32\combase.dll
0x00007ffd6b120000 - 0x00007ffd6b1f9000 	C:\WINDOWS\System32\OLEAUT32.dll
0x00007ffd51d80000 - 0x00007ffd51dbb000 	C:\WINDOWS\SYSTEM32\dbgcore.DLL
0x00007ffd692d0000 - 0x00007ffd6937c000 	C:\WINDOWS\System32\bcryptPrimitives.dll
0x00007ffd56270000 - 0x00007ffd56290000 	C:\Program Files\Jetbrain\IntelliJ IDEA 2024.3.7\jbr\bin\java.dll
0x00007ffd6a760000 - 0x00007ffd6aee8000 	C:\WINDOWS\System32\SHELL32.dll
0x00007ffd66d60000 - 0x00007ffd675fb000 	C:\WINDOWS\SYSTEM32\windows.storage.dll
0x00007ffd6a400000 - 0x00007ffd6a4f9000 	C:\WINDOWS\System32\SHCORE.dll
0x00007ffd6c010000 - 0x00007ffd6c076000 	C:\WINDOWS\System32\shlwapi.dll
0x00007ffd691f0000 - 0x00007ffd69219000 	C:\WINDOWS\SYSTEM32\profapi.dll
0x00007ffd4ac30000 - 0x00007ffd4ac48000 	C:\Program Files\Jetbrain\IntelliJ IDEA 2024.3.7\jbr\bin\zip.dll
0x00007ffd5a500000 - 0x00007ffd5a510000 	C:\Program Files\Jetbrain\IntelliJ IDEA 2024.3.7\jbr\bin\net.dll
0x00007ffd60970000 - 0x00007ffd60a98000 	C:\WINDOWS\SYSTEM32\WINHTTP.dll
0x00007ffd68510000 - 0x00007ffd6857c000 	C:\WINDOWS\system32\mswsock.dll
0x00007ffd4ac10000 - 0x00007ffd4ac26000 	C:\Program Files\Jetbrain\IntelliJ IDEA 2024.3.7\jbr\bin\nio.dll
0x00007ffd67930000 - 0x00007ffd67963000 	C:\WINDOWS\SYSTEM32\IPHLPAPI.DLL
0x00007ffd6bd10000 - 0x00007ffd6bd1a000 	C:\WINDOWS\System32\NSI.dll
0x00007ffd68930000 - 0x00007ffd6894b000 	C:\WINDOWS\SYSTEM32\CRYPTSP.dll
0x00007ffd67ee0000 - 0x00007ffd67f19000 	C:\WINDOWS\system32\rsaenh.dll
0x00007ffd685c0000 - 0x00007ffd685f2000 	C:\WINDOWS\SYSTEM32\USERENV.dll
0x00007ffd691c0000 - 0x00007ffd691ea000 	C:\WINDOWS\SYSTEM32\bcrypt.dll
0x00007ffd68770000 - 0x00007ffd6877c000 	C:\WINDOWS\SYSTEM32\CRYPTBASE.dll
0x00007ffd53890000 - 0x00007ffd53899000 	C:\Program Files\Jetbrain\IntelliJ IDEA 2024.3.7\jbr\bin\extnet.dll
0x00007ffd61fa0000 - 0x00007ffd61fa7000 	C:\Program Files\Jetbrain\IntelliJ IDEA 2024.3.7\jbr\bin\rmi.dll
0x00007ffd679c0000 - 0x00007ffd67b18000 	C:\WINDOWS\SYSTEM32\DNSAPI.dll
0x00007ffd68310000 - 0x00007ffd6831d000 	C:\WINDOWS\SYSTEM32\DSPARSE.dll
0x00007ffd61300000 - 0x00007ffd6130b000 	C:\Windows\System32\rasadhlp.dll
0x00007ffd5bca0000 - 0x00007ffd5bd26000 	C:\WINDOWS\System32\fwpuclnt.dll
0x00007ffd563a0000 - 0x00007ffd563ae000 	C:\Program Files\Jetbrain\IntelliJ IDEA 2024.3.7\jbr\bin\sunmscapi.dll
0x00007ffd69a70000 - 0x00007ffd69bee000 	C:\WINDOWS\System32\CRYPT32.dll
0x00007ffd68aa0000 - 0x00007ffd68ad0000 	C:\WINDOWS\SYSTEM32\ncrypt.dll
0x00007ffd68a50000 - 0x00007ffd68a8f000 	C:\WINDOWS\SYSTEM32\NTASN1.dll

dbghelp: loaded successfully - version: 4.0.5 - missing functions: none
symbol engine: initialized successfully - sym options: 0x614 - pdb path: .;C:\Program Files\Jetbrain\IntelliJ IDEA 2024.3.7\jbr\bin;C:\WINDOWS\SYSTEM32;C:\WINDOWS\WinSxS\amd64_microsoft.windows.common-controls_6595b64144ccf1df_6.0.26100.8972_none_3e0da176e32f9d4b;C:\Program Files\Jetbrain\IntelliJ IDEA 2024.3.7\jbr\bin\server

VM Arguments:
jvm_args: -Djava.rmi.server.hostname=127.0.0.1 -Duser.timezone=UTC -Xmx2048m -Xms128m -Djdbc.classpath=C:\Users\Guest\AppData\Local\Temp\RemoteDriver.classpath.txt --add-exports=java.desktop/sun.awt=ALL-UNNAMED --add-exports=java.desktop/java.awt.peer=ALL-UNNAMED --add-opens=java.desktop/java.awt=ALL-UNNAMED --add-opens=jdk.unsupported/sun.misc=ALL-UNNAMED --add-opens=java.base/java.nio=ALL-UNNAMED --add-opens=java.base/java.util=ALL-UNNAMED -Dfile.encoding=UTF-8 -Dsun.stdout.encoding=UTF-8 -Dsun.stderr.encoding=UTF-8 
java_command: com.intellij.database.remote.RemoteJdbcServer com.mysql.cj.jdbc.Driver
java_class_path (initial): C:\Program Files\Jetbrain\IntelliJ IDEA 2024.3.7\lib\util_rt.jar;C:\Program Files\Jetbrain\IntelliJ IDEA 2024.3.7\lib\util-8.jar;C:\Program Files\Jetbrain\IntelliJ IDEA 2024.3.7\lib\groovy.jar;C:\Program Files\Jetbrain\IntelliJ IDEA 2024.3.7\plugins\DatabaseTools\lib\jdbc-console.jar;C:\Program Files\Jetbrain\IntelliJ IDEA 2024.3.7\plugins\grid-core-impl\lib\jdbc-console-types.jar;C:\Program Files\Jetbrain\IntelliJ IDEA 2024.3.7\lib\util.jar;C:\Program Files\Jetbrain\IntelliJ IDEA 2024.3.7\lib\bouncy-castle.jar
Launcher Type: SUN_STANDARD

[Global flags]
     intx CICompilerCount                          = 4                                         {product} {ergonomic}
     uint ConcGCThreads                            = 2                                         {product} {ergonomic}
     uint G1ConcRefinementThreads                  = 8                                         {product} {ergonomic}
   size_t G1HeapRegionSize                         = 1048576                                   {product} {ergonomic}
    uintx GCDrainStackTargetSize                   = 64                                        {product} {ergonomic}
   size_t InitialHeapSize                          = 134217728                                 {product} {command line}
   size_t MarkStackSize                            = 4194304                                   {product} {ergonomic}
   size_t MaxHeapSize                              = 2147483648                                {product} {command line}
   size_t MaxNewSize                               = 1287651328                                {product} {ergonomic}
   size_t MinHeapDeltaBytes                        = 1048576                                   {product} {ergonomic}
   size_t MinHeapSize                              = 134217728                                 {product} {command line}
    uintx NonNMethodCodeHeapSize                   = 5839372                                {pd product} {ergonomic}
    uintx NonProfiledCodeHeapSize                  = 122909434                              {pd product} {ergonomic}
    uintx ProfiledCodeHeapSize                     = 122909434                              {pd product} {ergonomic}
    uintx ReservedCodeCacheSize                    = 251658240                              {pd product} {ergonomic}
     bool SegmentedCodeCache                       = true                                      {product} {ergonomic}
   size_t SoftMaxHeapSize                          = 2147483648                             {manageable} {ergonomic}
     bool UseCompressedOops                        = true                           {product lp64_product} {ergonomic}
     bool UseG1GC                                  = true                                      {product} {ergonomic}
     bool UseLargePagesIndividualAllocation        = false                                  {pd product} {ergonomic}

Logging:
Log output configuration:
 #0: stdout all=warning uptime,level,tags foldmultilines=false
 #1: stderr all=off uptime,level,tags foldmultilines=false

Environment Variables:
JAVA_HOME=C:\Program Files\Eclipse Adoptium\jdk-17.0.17.10-hotspot\
PATH=C:\Program Files (x86)\VMware\VMware Workstation\bin\;C:\Program Files\Eclipse Adoptium\jdk-17.0.17.10-hotspot\bin;c:\Program Files\Eclipse Adoptium\jdk-25.0.1.8-hotspot\bin;C:\WINDOWS\system32;C:\WINDOWS;C:\WINDOWS\System32\Wbem;C:\WINDOWS\System32\WindowsPowerShell\v1.0\;C:\WINDOWS\System32\OpenSSH\;C:\Program Files\Git\cmd;C:\Program Files\nodejs\;C:\Program Files\Docker\Docker\resources\bin;C:\Symfony;C:\ProgramData\ComposerSetup\bin;C:\php-8.4.23;C:\Users\Guest\AppData\Local\Programs\Python\Python313\Scripts\;C:\Users\Guest\AppData\Local\Programs\Python\Python313\;C:\Users\Guest\AppData\Local\Programs\Python\Launcher\;C:\Users\Guest\AppData\Local\Microsoft\WindowsApps;C:\Users\Guest\Desktop\Microsoft VS Code\bin;C:\Users\Guest\AppData\Roaming\npm;C:\Users\Guest\AppData\Local\Programs\cursor\resources\app\bin;C:\Program Files\JetBrains\IntelliJ IDEA 2023.1\bin;C:\Program Files (x86)\Nmap;C:\Users\Guest\AppData\Local\Programs\Antigravity\bin;C:\Users\Guest\AppData\Local\JetBrains\Toolbox\scripts;C:\Users\Guest\AppData\Roaming\Composer\vendor\bin
USERNAME=Guest
OS=Windows_NT
PROCESSOR_IDENTIFIER=Intel64 Family 6 Model 142 Stepping 12, GenuineIntel
TMP=C:\Users\Guest\AppData\Local\Temp
TEMP=C:\Users\Guest\AppData\Local\Temp




Periodic native trim disabled

JNI global refs:
JNI global refs: 17, weak refs: 0

JNI global refs memory usage: 835, weak refs: 833

Process memory usage:
Resident Set Size: 100668K (1% of 8231008K total physical memory with 321428K free physical memory)

OOME stack traces (most recent first):
Classloader memory used:
Loader bootstrap                                                                       : 11252K
Loader jdk.internal.loader.ClassLoaders$AppClassLoader                                 : 3384K
Loader com.intellij.database.remote.jdbc.impl.JdbcClassLoader$JdbcClassLoaderImpl      : 2842K
Loader jdk.internal.loader.ClassLoaders$PlatformClassLoader                            : 778K
Loader jdk.internal.reflect.DelegatingClassLoader                                      : 158K
Loader com.intellij.database.remote.jdbc.impl.JdbcClassLoader$1                        : 6912B

---------------  S Y S T E M  ---------------

OS:
 Windows 11 , 64 bit Build 26100 (10.0.26100.9168)
OS uptime: 15 days 12:26 hours
Hyper-V role detected

CPU: total 8 (initial active 8) (4 cores per cpu, 2 threads per core) family 6 model 142 stepping 12 microcode 0x100, cx8, cmov, fxsr, ht, mmx, 3dnowpref, sse, sse2, sse3, ssse3, sse4.1, sse4.2, popcnt, lzcnt, tsc, tscinvbit, avx, avx2, aes, erms, clmul, bmi1, bmi2, adx, fma, vzeroupper, clflush, clflushopt, hv, rdtscp, f16c
Processor Information for the first 8 processors :
  Max Mhz: 2112, Current Mhz: 1609, Mhz Limit: 1605

Memory: 4k page, system-wide physical 8038M (316M free)
TotalPageFile size 32614M (AvailPageFile size 12M)
current process WorkingSet (physical memory assigned to process): 99M, peak: 130M
current process commit charge ("private bytes"): 254M, peak: 263M

vm_info: OpenJDK 64-Bit Server VM (21.0.7+9-b631.52) for windows-amd64 JRE (21.0.7+9-b631.52), built on 2025-04-30 by "builduser" with MS VC++ 16.10 / 16.11 (VS2019)

END.
